// Vitest Snapshot v1, https://vitest.dev/guide/snapshot.html

exports[`CoverArt Snapshot > renders with image and no lyrics 1`] = `null`;
