// Vitest Snapshot v1, https://vitest.dev/guide/snapshot.html

exports[`VolumeControls Snapshot > renders the volume slider with default configuration 1`] = `null`;
